// Jest Snapshot v1, https://goo.gl/fbAQLP

exports[`EffectCard should match the snapshot 1`] = `
ShallowWrapper {
  "length": 1,
  Symbol(enzyme.__root__): [Circular],
  Symbol(enzyme.__unrendered__): <Unknown
    addFilters={[Function]}
    effect="positive"
    filters={
        Array [
            "happy",
            "tired",
          ]
    }
    removeFilter={[Function]}
/>,
  Symbol(enzyme.__renderer__): Object {
    "batchedUpdates": [Function],
    "getNode": [Function],
    "render": [Function],
    "simulateEvent": [Function],
    "unmount": [Function],
  },
  Symbol(enzyme.__node__): Object {
    "instance": null,
    "key": undefined,
    "nodeType": "host",
    "props": Object {
      "children": <button
        name="positive"
        onClick={[Function]}
>
        positive
</button>,
      "className": "effect-button null",
    },
    "ref": null,
    "rendered": Object {
      "instance": null,
      "key": undefined,
      "nodeType": "host",
      "props": Object {
        "children": "positive",
        "name": "positive",
        "onClick": [Function],
      },
      "ref": null,
      "rendered": "positive",
      "type": "button",
    },
    "type": "li",
  },
  Symbol(enzyme.__nodes__): Array [
    Object {
      "instance": null,
      "key": undefined,
      "nodeType": "host",
      "props": Object {
        "children": <button
          name="positive"
          onClick={[Function]}
>
          positive
</button>,
        "className": "effect-button null",
      },
      "ref": null,
      "rendered": Object {
        "instance": null,
        "key": undefined,
        "nodeType": "host",
        "props": Object {
          "children": "positive",
          "name": "positive",
          "onClick": [Function],
        },
        "ref": null,
        "rendered": "positive",
        "type": "button",
      },
      "type": "li",
    },
  ],
  Symbol(enzyme.__options__): Object {
    "adapter": ReactSixteenAdapter {
      "options": Object {
        "enableComponentDidUpdateOnSetState": true,
      },
    },
  },
}
`;
